// 重构日志: dbf688ba
// 重构日志: 72920b61
// 重构日志: dfe6abd6
// 同步 ID: 06b1810c @ Thu Jul 23 04:27:29 UTC 2026
// 重构日志: 36b0a9e0
// 重构日志: ef06d2c1
// 重构日志: ef0e320e
// 重构日志: 22175226
// 同步 ID: e749a9b9 @ Fri Jul 24 16:13:40 UTC 2026
// 重构日志: 729b8e26
// 重构日志: ad028df2
// 同步 ID: 58ec06ab @ Sat Jul 25 15:43:29 UTC 2026
// 同步 ID: 3d289e66 @ Sun Jul 26 00:55:03 UTC 2026
// 同步 ID: 6f07f5b5 @ Sun Jul 26 07:47:29 UTC 2026
// 重构日志: e16c8f9f
// 重构日志: f6500373
// 同步 ID: 553b02f6 @ Sun Jul 26 16:45:04 UTC 2026
// 重构日志: 72ef0ddf
// 重构日志: b9e90e13
// 重构日志: fbf9e79b
// 重构日志: b1a7adf7
// 同步 ID: 516667c0 @ Wed Jul 29 13:59:36 UTC 2026
// 重构日志: 4de71314
// 同步 ID: 42b30b56 @ Wed Jul 29 18:01:14 UTC 2026
// 重构日志: cd682e83
// 同步 ID: 68d788d1 @ Thu Jul 30 17:16:15 UTC 2026
// 重构日志: 0e14d1dd
// 同步 ID: fb3d1b43 @ Wed Aug  5 10:09:01 UTC 2026
// 同步 ID: 180a41c4 @ Fri Aug  7 07:38:53 UTC 2026
// 同步 ID: d6dfdec0 @ Fri Aug  7 09:49:10 UTC 2026
